<?xml version="1.0" encoding="UTF-8"?>
<testsuites name="jest tests" tests="16" failures="0" errors="0" time="0.658">
  <testsuite name="App Component" errors="0" failures="0" skipped="0" timestamp="2026-03-04T19:08:16" time="0.228" tests="2">
    <testcase classname="App Component can be imported without errors" name="App Component can be imported without errors" time="0.045">
    </testcase>
    <testcase classname="App Component basic component structure exists" name="App Component basic component structure exists" time="0">
    </testcase>
  </testsuite>
  <testsuite name="API Configuration" errors="0" failures="0" skipped="0" timestamp="2026-03-04T19:08:16" time="0.035" tests="2">
    <testcase classname="API Configuration axios create should be called" name="API Configuration axios create should be called" time="0.001">
    </testcase>
    <testcase classname="API Configuration api client configuration is testable" name="API Configuration api client configuration is testable" time="0">
    </testcase>
  </testsuite>
  <testsuite name="computePureWeight" errors="0" failures="0" skipped="0" timestamp="2026-03-04T19:08:16" time="0.026" tests="12">
    <testcase classname="computePureWeight returns positive value for IN direction" name="computePureWeight returns positive value for IN direction" time="0.001">
    </testcase>
    <testcase classname="computePureWeight returns negative value for OUT direction" name="computePureWeight returns negative value for OUT direction" time="0">
    </testcase>
    <testcase classname="computePureWeight handles zero weight" name="computePureWeight handles zero weight" time="0">
    </testcase>
    <testcase classname="computePureWeight handles 100% purity" name="computePureWeight handles 100% purity" time="0">
    </testcase>
    <testcase classname="computePureWeight handles Gold 24K purity (0.999)" name="computePureWeight handles Gold 24K purity (0.999)" time="0.001">
    </testcase>
    <testcase classname="computePureWeight handles Silver 925 purity (0.925)" name="computePureWeight handles Silver 925 purity (0.925)" time="0">
    </testcase>
    <testcase classname="getPurityLabel formats Gold 22K label correctly" name="getPurityLabel formats Gold 22K label correctly" time="0">
    </testcase>
    <testcase classname="getPurityLabel formats Gold 24K label correctly" name="getPurityLabel formats Gold 24K label correctly" time="0">
    </testcase>
    <testcase classname="getPurityLabel formats Silver 925 label correctly" name="getPurityLabel formats Silver 925 label correctly" time="0">
    </testcase>
    <testcase classname="getPurityLabel formats Gold 14K label correctly" name="getPurityLabel formats Gold 14K label correctly" time="0">
    </testcase>
    <testcase classname="getPurityLabel handles 100% purity without trailing zero" name="getPurityLabel handles 100% purity without trailing zero" time="0">
    </testcase>
    <testcase classname="getPurityLabel formats Platinum label correctly" name="getPurityLabel formats Platinum label correctly" time="0">
    </testcase>
  </testsuite>
</testsuites>